Running Stripe Registration Flow Tests...

--- TEST 1: Direct Registration (No Plan) ---

   Error 

  Call to a member function prepare() on null

  at vendor\laravel\framework\src\Illuminate\Database\Connection.php:420
    416Γûò             // For select statements, we'll simply execute the query and return an array
    417Γûò             // of the database result set. Each element in the array will be a single
    418Γûò             // row from the database table, and will either be an array or objects.
    419Γûò             $statement = $this->prepared(
  Γ₧£ 420Γûò                 $this->getPdoForSelect($useReadPdo)->prepare($query)
    421Γûò             );
    422Γûò 
    423Γûò             $this->bindValues($statement, $this->prepareBindings($bindings));
    424Γûò

  1   vendor\laravel\framework\src\Illuminate\Database\Connection.php:827
      Illuminate\Database\Connection::Illuminate\Database\{closure}("select * from "roles" where "name" = ? and "guard_name" = ? limit 1")

  2   vendor\laravel\framework\src\Illuminate\Database\Connection.php:794
      Illuminate\Database\Connection::runQueryCallback("select * from "roles" where "name" = ? and "guard_name" = ? limit 1", Object(Closure))

